>>> [1] resize1 <<<
Applying command 'Open filename:input/lion.png'
Applying command 'resize'
Applying command 'Save filename:output/resize1.png'
>>> [2] resize2 <<<
Applying command 'Open filename:input/lion.png'
Applying command 'resize'
Applying command 'Save filename:output/resize2.png'
